// Jest Snapshot v1, https://goo.gl/fbAQLP

exports[`Tests del componente GifItem debe coincidir con el snapshot 1`] = `
<div>
  <div
    class="card"
  >
    <img
      alt="Título"
      src="http://127.0.0.1/img.jpg"
    />
    <p>
      Título
    </p>
  </div>
</div>
`;
